###############################################################################
#
# IAR ELF Linker V2.20.1.176 for STM8                     06/Apr/2019  00:56:26
# Copyright 2010-2015 IAR Systems AB.
#
#    Output file  =  
#        D:\Google Drive\gitwork\STM8_SIM800L\TDS\Release\Exe\TDS.out
#    Map file     =  
#        D:\Google Drive\gitwork\STM8_SIM800L\TDS\Release\List\TDS.map
#    Command line =  
#        "D:\Google Drive\gitwork\STM8_SIM800L\TDS\Release\Obj\main.o"
#        "D:\Google Drive\gitwork\STM8_SIM800L\TDS\Release\Obj\stm8s_adc1.o"
#        "D:\Google Drive\gitwork\STM8_SIM800L\TDS\Release\Obj\stm8s_clk.o"
#        "D:\Google Drive\gitwork\STM8_SIM800L\TDS\Release\Obj\stm8s_exti.o"
#        "D:\Google Drive\gitwork\STM8_SIM800L\TDS\Release\Obj\stm8s_gpio.o"
#        "D:\Google Drive\gitwork\STM8_SIM800L\TDS\Release\Obj\stm8s_it.o"
#        "D:\Google Drive\gitwork\STM8_SIM800L\TDS\Release\Obj\stm8s_rst.o"
#        "D:\Google Drive\gitwork\STM8_SIM800L\TDS\Release\Obj\stm8s_tim4.o"
#        "D:\Google Drive\gitwork\STM8_SIM800L\TDS\Release\Obj\stm8s_uart1.o"
#        --redirect _Printf=_PrintfFullNoMb --redirect _Scanf=_ScanfFullNoMb -o
#        "D:\Google Drive\gitwork\STM8_SIM800L\TDS\Release\Exe\TDS.out" --strip
#        --map "D:\Google Drive\gitwork\STM8_SIM800L\TDS\Release\List\TDS.map"
#        --config "C:\Program Files (x86)\IAR Systems\Embedded Workbench
#        7.3\stm8\config\lnkstm8s003f3.icf" --config_def _CSTACK_SIZE=0x100
#        --config_def _HEAP_SIZE=0x100 --entry __iar_program_start
#
###############################################################################

*******************************************************************************
*** RUNTIME MODEL ATTRIBUTES
***

__SystemLibrary            = DLib
__code_model               = small
__core                     = stm8
__data_model               = medium
__dlib_file_descriptor     = 0
__dlib_full_locale_support = 0
__rt_version               = 4


*******************************************************************************
*** PLACEMENT SUMMARY
***

"A1":  place at start of [0x000000-0x0000ff] { rw section .vregs };
"A2":  place at end of [0x000000-0x0003ff] { block CSTACK };
"P2":  place in [from 0x000000 to 0x0003ff] {
          block HEAP, rw section __DLIB_PERTHREAD, rw section .far.bss,
          rw section .far.data, rw section .far.noinit,
          rw section .far_func.textrw, rw section .huge.bss,
          rw section .huge.data, rw section .huge.noinit,
          rw section .huge_func.textrw, rw section .iar.dynexit,
          rw section .near.bss, rw section .near.data, rw section .near.noinit,
          rw section .near_func.textrw };
"A3":  place at start of [0x008000-0x009fff] { block INTVEC };
"P3":  place in [from 0x008000 to 0x009fff] {
          ro section __DLIB_PERTHREAD_init, ro section .far.data_init,
          ro section .far_func.textrw_init, ro section .huge.data_init,
          ro section .huge_func.textrw_init, ro section .iar.init_table,
          ro section .init_array, ro section .near.data_init,
          ro section .near.rodata, ro section .near_func.text,
          ro section .near_func.textrw_init, ro section .tiny.data_init,
          ro section .tiny.rodata_init };

  Section          Kind      Address   Size  Object
  -------          ----      -------   ----  ------
"A1":                                  0x10
  .vregs           uninit   0x000000   0x10  vregs.o [4]
                          - 0x000010   0x10

"P2":                                  0x85
  .near.bss        zero     0x000010   0x80  main.o [1]
  .near.bss        zero     0x000090    0x4  main.o [1]
  .near.bss        zero     0x000094    0x1  main.o [1]
                          - 0x000095   0x85

"A2":                                 0x100
  CSTACK                    0x000300  0x100  <Block>
    CSTACK         uninit   0x000300  0x100  <Block tail>
                          - 0x000400  0x100

"A3":                                  0x80
  INTVEC                    0x008000   0x80  <Block>
    .intvec        const    0x008000   0x80  interrupt.o [4]
                          - 0x008080   0x80

"P3":                                 0xe2e
  .near_func.text  ro code  0x008080  0x1a8  stm8s_uart1.o [1]
  .near_func.text  ro code  0x008228  0x144  long.o [4]
  .near_func.text  ro code  0x00836c  0x124  stm8s_adc1.o [1]
  .near_func.text  ro code  0x008490   0xe5  vreg_util.o [4]
  .near_func.text  ro code  0x008575   0xb3  stm8s_gpio.o [1]
  .near_func.text  ro code  0x008628   0xa6  stm8s_adc1.o [1]
  .near_func.text  ro code  0x0086ce   0x93  stm8s_uart1.o [1]
  .near_func.text  ro code  0x008761   0x8f  main.o [1]
  .near_func.text  ro code  0x0087f0   0x8c  stm8s_adc1.o [1]
  .near_func.text  ro code  0x00887c   0x71  stm8s_adc1.o [1]
  .near.rodata     const    0x0088ed   0x52  stm8s_uart1.o [1]
  .near.rodata     const    0x00893f   0x51  stm8s_adc1.o [1]
  .near.rodata     const    0x008990   0x51  stm8s_gpio.o [1]
  .near.rodata     const    0x0089e1   0x51  stm8s_tim4.o [1]
  .near.rodata     const    0x008a32   0x50  stm8s_clk.o [1]
  .near_func.text  ro code  0x008a82   0x47  long_util.o [4]
  .near_func.text  ro code  0x008ac9   0x44  stm8s_adc1.o [1]
  .near_func.text  ro code  0x008b0d   0x3d  stm8s_adc1.o [1]
  .near_func.text  ro code  0x008b4a   0x3b  stm8s_clk.o [1]
  .near_func.text  ro code  0x008b85   0x3a  stm8s_tim4.o [1]
  .near_func.text  ro code  0x008bbf   0x34  stm8s_tim4.o [1]
  .near_func.text  ro code  0x008bf3   0x31  stm8s_adc1.o [1]
  .near_func.text  ro code  0x008c24   0x2b  stm8s_uart1.o [1]
  .near_func.text  ro code  0x008c4f   0x29  stm8s_it.o [1]
  .near_func.text  ro code  0x008c78   0x26  stm8s_clk.o [1]
  .near_func.text  ro code  0x008c9e   0x25  dc_util.o [4]
  .iar.init_table  const    0x008cc3    0x8  - Linker created -
  .near_func.text  ro code  0x008ccb   0x1e  init_small.o [4]
  .near_func.text  ro code  0x008ce9   0x19  main.o [1]
  .near_func.text  ro code  0x008d02   0x19  stm8s_tim4.o [1]
  .near_func.text  ro code  0x008d1b   0x19  stm8s_tim4.o [1]
  .near_func.text  ro code  0x008d34   0x18  stm8s_it.o [1]
  .near_func.text  ro code  0x008d4c   0x17  stm8s_it.o [1]
  .near_func.text  ro code  0x008d63   0x17  init.o [4]
  .near_func.text  ro code  0x008d7a   0x16  stm8s_it.o [1]
  .near_func.text  ro code  0x008d90   0x16  stm8s_tim4.o [1]
  .near_func.text  ro code  0x008da6   0x13  cstartup.o [4]
  .near_func.text  ro code  0x008db9    0xd  stm8s_uart1.o [1]
  .near_func.text  ro code  0x008dc6    0xd  short.o [4]
  .near_func.text  ro code  0x008dd3    0xb  stm8s_adc1.o [1]
  .near_func.text  ro code  0x008dde    0xb  stm8s_adc1.o [1]
  .near_func.text  ro code  0x008de9    0xb  stm8s_adc1.o [1]
  .near_func.text  ro code  0x008df4    0xb  stm8s_clk.o [1]
  .near_func.text  ro code  0x008dff    0xb  stm8s_clk.o [1]
  .near_func.text  ro code  0x008e0a    0xb  stm8s_gpio.o [1]
  .near_func.text  ro code  0x008e15    0xb  stm8s_tim4.o [1]
  .near_func.text  ro code  0x008e20    0xb  stm8s_uart1.o [1]
  .near_func.text  ro code  0x008e2b    0x9  main.o [1]
  .near_func.text  ro code  0x008e34    0x9  stm8s_adc1.o [1]
  .near_func.text  ro code  0x008e3d    0x9  stm8s_uart1.o [1]
  .near_func.text  ro code  0x008e46    0x8  stm8s_adc1.o [1]
  .near_func.text  ro code  0x008e4e    0x8  stm8s_uart1.o [1]
  .near_func.text  ro code  0x008e56    0x8  stm8s_uart1.o [1]
  .near_func.text  ro code  0x008e5e    0x7  stm8s_adc1.o [1]
  .near_func.text  ro code  0x008e65    0x7  stm8s_it.o [1]
  .near_func.text  ro code  0x008e6c    0x7  stm8s_uart1.o [1]
  .near_func.text  ro code  0x008e73    0x7  stm8s_uart1.o [1]
  .near_func.text  ro code  0x008e7a    0x7  stm8s_uart1.o [1]
  .near_func.text  ro code  0x008e81    0x5  cexit.o [4]
  .near.rodata     const    0x008e86    0x4  stm8s_clk.o [1]
  .near_func.text  ro code  0x008e8a    0x4  stm8s_uart1.o [1]
  .near_func.text  ro code  0x008e8e    0x3  interrupt.o [4]
  .near_func.text  ro code  0x008e91    0x3  low_level_init.o [4]
  .near_func.text  ro code  0x008e94    0x3  exit.o [4]
  .near_func.text  ro code  0x008e97    0x3  unhandled_exception.o [4]
  .near_func.text  ro code  0x008e9a    0x2  main.o [1]
  .near_func.text  ro code  0x008e9c    0x2  xxexit.o [3]
  .near_func.text  ro code  0x008e9e    0x1  stm8s_it.o [1]
  .near_func.text  ro code  0x008e9f    0x1  stm8s_it.o [1]
  .near_func.text  ro code  0x008ea0    0x1  stm8s_it.o [1]
  .near_func.text  ro code  0x008ea1    0x1  stm8s_it.o [1]
  .near_func.text  ro code  0x008ea2    0x1  stm8s_it.o [1]
  .near_func.text  ro code  0x008ea3    0x1  stm8s_it.o [1]
  .near_func.text  ro code  0x008ea4    0x1  stm8s_it.o [1]
  .near_func.text  ro code  0x008ea5    0x1  stm8s_it.o [1]
  .near_func.text  ro code  0x008ea6    0x1  stm8s_it.o [1]
  .near_func.text  ro code  0x008ea7    0x1  stm8s_it.o [1]
  .near_func.text  ro code  0x008ea8    0x1  stm8s_it.o [1]
  .near_func.text  ro code  0x008ea9    0x1  stm8s_it.o [1]
  .near_func.text  ro code  0x008eaa    0x1  stm8s_it.o [1]
  .near_func.text  ro code  0x008eab    0x1  stm8s_it.o [1]
  .near_func.text  ro code  0x008eac    0x1  stm8s_it.o [1]
  .near_func.text  ro code  0x008ead    0x1  stm8s_it.o [1]
                          - 0x008eae  0xe2e


*******************************************************************************
*** INIT TABLE
***

          Address   Size
          -------   ----
Zero (__iar_zero_init2)
    1 destination range, total size 0x85:
          0x000010  0x85



*******************************************************************************
*** MODULE SUMMARY
***

    Module                 ro code  ro data  rw data
    ------                 -------  -------  -------
D:\Google Drive\gitwork\STM8_SIM800L\TDS\Release\Obj: [1]
    main.o                     179               133
    stm8s_adc1.o               946       81
    stm8s_clk.o                119       84
    stm8s_gpio.o               190       81
    stm8s_it.o                 133
    stm8s_tim4.o               193       81
    stm8s_uart1.o              688       82
    ------------------------------------------------
    Total:                   2 448      409      133

command line: [2]
    ------------------------------------------------
    Total:

dbgstm8smn.a: [3]
    xxexit.o                     2
    ------------------------------------------------
    Total:                       2

dlstm8smn.a: [4]
    cexit.o                      5
    cstartup.o                  19
    dc_util.o                   37
    exit.o                       3
    init.o                      23
    init_small.o                30
    interrupt.o                  3      128
    long.o                     324
    long_util.o                 71
    low_level_init.o             3
    short.o                     13
    unhandled_exception.o        3
    vreg_util.o                229
    vregs.o                                       16
    ------------------------------------------------
    Total:                     763      128       16

    Linker created                        8      256
----------------------------------------------------
    Grand Total:             3 213      545      405


*******************************************************************************
*** ENTRY LIST
***

Entry                    Address   Size  Type      Object
-----                    -------   ----  ----      ------
.iar.init_table$$Base   0x008cc3          --   Gb  - Linker created -
.iar.init_table$$Limit  0x008ccb          --   Gb  - Linker created -
?b0                     0x000000         Data  Gb  vregs.o [4]
?b1                     0x000001         Data  Gb  vregs.o [4]
?b10                    0x00000a         Data  Gb  vregs.o [4]
?b11                    0x00000b         Data  Gb  vregs.o [4]
?b12                    0x00000c         Data  Gb  vregs.o [4]
?b13                    0x00000d         Data  Gb  vregs.o [4]
?b14                    0x00000e         Data  Gb  vregs.o [4]
?b15                    0x00000f         Data  Gb  vregs.o [4]
?b2                     0x000002         Data  Gb  vregs.o [4]
?b3                     0x000003         Data  Gb  vregs.o [4]
?b4                     0x000004         Data  Gb  vregs.o [4]
?b5                     0x000005         Data  Gb  vregs.o [4]
?b6                     0x000006         Data  Gb  vregs.o [4]
?b7                     0x000007         Data  Gb  vregs.o [4]
?b8                     0x000008         Data  Gb  vregs.o [4]
?b9                     0x000009         Data  Gb  vregs.o [4]
?dc32_l0                0x008c9e         Code  Gb  dc_util.o [4]
?dc32_l1                0x008cab         Code  Gb  dc_util.o [4]
?dc32_px                0x008cb8         Code  Gb  dc_util.o [4]
?dec32_0x_0x            0x00822d         Code  Gb  long.o [4]
?dec32_l0_l0            0x008228         Code  Gb  long.o [4]
?e0                     0x000001         Data  Gb  vregs.o [4]
?e1                     0x000005         Data  Gb  vregs.o [4]
?e2                     0x000009         Data  Gb  vregs.o [4]
?e3                     0x00000d         Data  Gb  vregs.o [4]
?epilogue_l2            0x00851f         Code  Gb  vreg_util.o [4]
?epilogue_l2_l3         0x00851c         Code  Gb  vreg_util.o [4]
?epilogue_w4            0x008523         Code  Gb  vreg_util.o [4]
?l0                     0x000000         Data  Gb  vregs.o [4]
?l1                     0x000004         Data  Gb  vregs.o [4]
?l2                     0x000008         Data  Gb  vregs.o [4]
?l3                     0x00000c         Data  Gb  vregs.o [4]
?load32_0x_l0           0x008abb         Code  Gb  long_util.o [4]
?load32_asp_l0          0x008aaf         Code  Gb  long_util.o [4]
?load32_dbsp_l0         0x008aaa         Code  Gb  long_util.o [4]
?load32_l0_0x           0x008a92         Code  Gb  long_util.o [4]
?load32_l0_asp          0x008a87         Code  Gb  long_util.o [4]
?load32_l0_dbsp         0x008a82         Code  Gb  long_util.o [4]
?load32_l0_xsp          0x008a89         Code  Gb  long_util.o [4]
?load32_l1_0x           0x008a9e         Code  Gb  long_util.o [4]
?load32_xsp_l0          0x008ab1         Code  Gb  long_util.o [4]
?mov_e0_e2              0x00852a         Code  Gb  vreg_util.o [4]
?mov_e0_e3              0x008537         Code  Gb  vreg_util.o [4]
?mov_e1_e2              0x008544         Code  Gb  vreg_util.o [4]
?mov_e1_e3              0x008551         Code  Gb  vreg_util.o [4]
?mov_e2_e0              0x00855e         Code  Gb  vreg_util.o [4]
?mov_e3_e0              0x00856b         Code  Gb  vreg_util.o [4]
?mov_l0_l2              0x008527         Code  Gb  vreg_util.o [4]
?mov_l0_l3              0x008534         Code  Gb  vreg_util.o [4]
?mov_l1_l2              0x008541         Code  Gb  vreg_util.o [4]
?mov_l1_l3              0x00854e         Code  Gb  vreg_util.o [4]
?mov_l2_l0              0x00855b         Code  Gb  vreg_util.o [4]
?mov_l3_l0              0x008568         Code  Gb  vreg_util.o [4]
?mov_w1_w5              0x00852d         Code  Gb  vreg_util.o [4]
?mov_w1_w7              0x00853a         Code  Gb  vreg_util.o [4]
?mov_w3_w5              0x008547         Code  Gb  vreg_util.o [4]
?mov_w3_w7              0x008554         Code  Gb  vreg_util.o [4]
?mov_w5_w1              0x008561         Code  Gb  vreg_util.o [4]
?mov_w7_w1              0x00856e         Code  Gb  vreg_util.o [4]
?mul32_l0_l0_0x         0x00825f         Code  Gb  long.o [4]
?mul32_l0_l0_dl         0x00825c         Code  Gb  long.o [4]
?mul32_l0_l0_l1         0x008268         Code  Gb  long.o [4]
?pop_l0                 0x0084e8         Code  Gb  vreg_util.o [4]
?pop_l1                 0x0084f3         Code  Gb  vreg_util.o [4]
?pop_l2                 0x0084fe         Code  Gb  vreg_util.o [4]
?pop_l3                 0x008509         Code  Gb  vreg_util.o [4]
?pop_w4                 0x0084a8         Code  Gb  vreg_util.o [4]
?push_l0                0x0084b7         Code  Gb  vreg_util.o [4]
?push_l1                0x0084bc         Code  Gb  vreg_util.o [4]
?push_l2                0x0084c1         Code  Gb  vreg_util.o [4]
?push_l3                0x0084c6         Code  Gb  vreg_util.o [4]
?push_w4                0x008490         Code  Gb  vreg_util.o [4]
?sll16_x_x_a            0x008dc6         Code  Gb  short.o [4]
?sll32_0x_0x_a          0x00835e         Code  Gb  long.o [4]
?sll32_l0_l0_a          0x00835b         Code  Gb  long.o [4]
?srl16_x_x_4            0x008dce         Code  Gb  short.o [4]
?sub32_l0_l0_0x         0x008244         Code  Gb  long.o [4]
?sub32_l0_l0_l1         0x008241         Code  Gb  long.o [4]
?udiv32_l0_dl_l1        0x0082e6         Code  Gb  long.o [4]
?udiv32_l0_l0_dl        0x0082eb         Code  Gb  long.o [4]
?udiv32_l0_l0_l1        0x0082ee         Code  Gb  long.o [4]
?umod32_l1_l0_l1        0x0082ee         Code  Gb  long.o [4]
?w0                     0x000000         Data  Gb  vregs.o [4]
?w1                     0x000002         Data  Gb  vregs.o [4]
?w2                     0x000004         Data  Gb  vregs.o [4]
?w3                     0x000006         Data  Gb  vregs.o [4]
?w4                     0x000008         Data  Gb  vregs.o [4]
?w5                     0x00000a         Data  Gb  vregs.o [4]
?w6                     0x00000c         Data  Gb  vregs.o [4]
?w7                     0x00000e         Data  Gb  vregs.o [4]
ADC1_ClearITPendingBit  0x00887c   0x71  Code  Gb  stm8s_adc1.o [1]
ADC1_ConversionConfig   0x0087f0   0x8c  Code  Gb  stm8s_adc1.o [1]
ADC1_DeInit             0x008bf3   0x31  Code  Gb  stm8s_adc1.o [1]
ADC1_ExternalTriggerConfig
                        0x008ac9   0x44  Code  Gb  stm8s_adc1.o [1]
ADC1_IRQHandler         0x008d7a   0x16  Code  Gb  stm8s_it.o [1]
ADC1_Init               0x00836c  0x124  Code  Gb  stm8s_adc1.o [1]
ADC1_PrescalerConfig    0x008b0d   0x3d  Code  Gb  stm8s_adc1.o [1]
ADC1_SchmittTriggerConfig
                        0x008628   0xa6  Code  Gb  stm8s_adc1.o [1]
AWU_IRQHandler          0x008ea0    0x1  Code  Gb  stm8s_it.o [1]
CLK_GetClockFreq        0x008b4a   0x3b  Code  Gb  stm8s_clk.o [1]
CLK_HSIPrescalerConfig  0x008c78   0x26  Code  Gb  stm8s_clk.o [1]
CLK_IRQHandler          0x008ea1    0x1  Code  Gb  stm8s_it.o [1]
CSTACK$$Base            0x000300          --   Gb  - Linker created -
CSTACK$$Limit           0x000400          --   Gb  - Linker created -
EEPROM_EEC_IRQHandler   0x008ead    0x1  Code  Gb  stm8s_it.o [1]
EXTI_PORTA_IRQHandler   0x008ea2    0x1  Code  Gb  stm8s_it.o [1]
EXTI_PORTB_IRQHandler   0x008ea3    0x1  Code  Gb  stm8s_it.o [1]
EXTI_PORTC_IRQHandler   0x008ea4    0x1  Code  Gb  stm8s_it.o [1]
EXTI_PORTD_IRQHandler   0x008ea5    0x1  Code  Gb  stm8s_it.o [1]
EXTI_PORTE_IRQHandler   0x008ea6    0x1  Code  Gb  stm8s_it.o [1]
GPIO_Init               0x008575   0xb3  Code  Gb  stm8s_gpio.o [1]
HSIDivFactor            0x008e86    0x4  Data  Gb  stm8s_clk.o [1]
I2C_IRQHandler          0x008eac    0x1  Code  Gb  stm8s_it.o [1]
INTVEC$$Base            0x008000          --   Gb  - Linker created -
INTVEC$$Limit           0x008080          --   Gb  - Linker created -
RX_count                0x000094    0x1  Data  Gb  main.o [1]
Region$$Table$$Base     0x008cc3          --   Gb  - Linker created -
Region$$Table$$Limit    0x008ccb          --   Gb  - Linker created -
SPI_IRQHandler          0x008ea7    0x1  Code  Gb  stm8s_it.o [1]
TIM1_CAP_COM_IRQHandler
                        0x008ea9    0x1  Code  Gb  stm8s_it.o [1]
TIM1_UPD_OVF_TRG_BRK_IRQHandler
                        0x008ea8    0x1  Code  Gb  stm8s_it.o [1]
TIM2_CAP_COM_IRQHandler
                        0x008eab    0x1  Code  Gb  stm8s_it.o [1]
TIM2_UPD_OVF_BRK_IRQHandler
                        0x008eaa    0x1  Code  Gb  stm8s_it.o [1]
TIM4_ClearFlag          0x008d02   0x19  Code  Gb  stm8s_tim4.o [1]
TIM4_ClearITPendingBit  0x008d1b   0x19  Code  Gb  stm8s_tim4.o [1]
TIM4_Cmd                0x008d90   0x16  Code  Gb  stm8s_tim4.o [1]
TIM4_ITConfig           0x008bbf   0x34  Code  Gb  stm8s_tim4.o [1]
TIM4_TimeBaseInit       0x008b85   0x3a  Code  Gb  stm8s_tim4.o [1]
TIM4_UPD_OVF_IRQHandler
                        0x008d34   0x18  Code  Gb  stm8s_it.o [1]
TLI_IRQHandler          0x008e9f    0x1  Code  Gb  stm8s_it.o [1]
TRAP_IRQHandler         0x008e9e    0x1  Code  Gb  stm8s_it.o [1]
TimingDelay             0x000090    0x4  Data  Gb  main.o [1]
TimingDelay_Decrement   0x008ce9   0x19  Code  Gb  main.o [1]
UART1_Cmd               0x008db9    0xd  Code  Gb  stm8s_uart1.o [1]
UART1_DeInit            0x008c24   0x2b  Code  Gb  stm8s_uart1.o [1]
UART1_ITConfig          0x0086ce   0x93  Code  Gb  stm8s_uart1.o [1]
UART1_Init              0x008080  0x1a8  Code  Gb  stm8s_uart1.o [1]
UART1_RX_IRQHandler     0x008c4f   0x29  Code  Gb  stm8s_it.o [1]
UART1_ReceiveData8      0x008e8a    0x4  Code  Gb  stm8s_uart1.o [1]
UART1_TX_IRQHandler     0x008d4c   0x17  Code  Gb  stm8s_it.o [1]
UART_RX                 0x000010   0x80  Data  Gb  main.o [1]
__exit                  0x008e9c    0x2  Code  Gb  xxexit.o [3]
__iar_data_init2        0x008d63   0x17  Code  Gb  init.o [4]
__iar_program_start     0x008da6         Code  Gb  cstartup.o [4]
__iar_unhandled_exception
                        0x008e97         Code  Gb  unhandled_exception.o [4]
__iar_zero_init2        0x008ccb         Code  Gb  init_small.o [4]
__intvec                0x008000         Data  Gb  interrupt.o [4]
__low_level_init        0x008e91    0x3  Code  Gb  low_level_init.o [4]
_exit                   0x008e81         Code  Gb  cexit.o [4]
_interrupt_1            0x008e9e         Code  Gb  stm8s_it.o [1]
_interrupt_12           0x008ea7         Code  Gb  stm8s_it.o [1]
_interrupt_13           0x008ea8         Code  Gb  stm8s_it.o [1]
_interrupt_14           0x008ea9         Code  Gb  stm8s_it.o [1]
_interrupt_15           0x008eaa         Code  Gb  stm8s_it.o [1]
_interrupt_16           0x008eab         Code  Gb  stm8s_it.o [1]
_interrupt_19           0x008d4c         Code  Gb  stm8s_it.o [1]
_interrupt_2            0x008e9f         Code  Gb  stm8s_it.o [1]
_interrupt_20           0x008c4f         Code  Gb  stm8s_it.o [1]
_interrupt_21           0x008eac         Code  Gb  stm8s_it.o [1]
_interrupt_24           0x008d7a         Code  Gb  stm8s_it.o [1]
_interrupt_25           0x008d34         Code  Gb  stm8s_it.o [1]
_interrupt_26           0x008ead         Code  Gb  stm8s_it.o [1]
_interrupt_3            0x008ea0         Code  Gb  stm8s_it.o [1]
_interrupt_4            0x008ea1         Code  Gb  stm8s_it.o [1]
_interrupt_5            0x008ea2         Code  Gb  stm8s_it.o [1]
_interrupt_6            0x008ea3         Code  Gb  stm8s_it.o [1]
_interrupt_7            0x008ea4         Code  Gb  stm8s_it.o [1]
_interrupt_8            0x008ea5         Code  Gb  stm8s_it.o [1]
_interrupt_9            0x008ea6         Code  Gb  stm8s_it.o [1]
assert_failed           0x008e9a    0x2  Code  Gb  main.o [1]
exit                    0x008e94    0x3  Code  Gb  exit.o [4]
main                    0x008761   0x8f  Code  Gb  main.o [1]


[1] = D:\Google Drive\gitwork\STM8_SIM800L\TDS\Release\Obj
[2] = command line
[3] = dbgstm8smn.a
[4] = dlstm8smn.a

  3 213 bytes of readonly  code memory
    545 bytes of readonly  data memory
    405 bytes of readwrite data memory

Errors: none
Warnings: none
